127.0.0.1 - - [31/Oct/2019:09:50:43 +0530] "GET / HTTP/1.1" 404 1074
127.0.0.1 - - [31/Oct/2019:11:46:25 +0530] "GET / HTTP/1.1" 404 1074
0:0:0:0:0:0:0:1 - - [31/Oct/2019:11:46:26 +0530] "GET /ConfigContextExample/Confg_Servlet HTTP/1.1" 200 32
127.0.0.1 - - [31/Oct/2019:11:47:53 +0530] "GET / HTTP/1.1" 404 1074
0:0:0:0:0:0:0:1 - - [31/Oct/2019:11:47:54 +0530] "GET /ConfigContextExample/Confg_Servlet HTTP/1.1" 200 32
127.0.0.1 - - [31/Oct/2019:11:52:02 +0530] "GET / HTTP/1.1" 404 1074
0:0:0:0:0:0:0:1 - - [31/Oct/2019:11:52:03 +0530] "GET /ConfigContextExample/Confg_Servlet HTTP/1.1" 500 3648
127.0.0.1 - - [31/Oct/2019:12:00:09 +0530] "GET / HTTP/1.1" 404 1074
0:0:0:0:0:0:0:1 - - [31/Oct/2019:12:00:10 +0530] "GET /ConfigContextExample/Context_Servlet HTTP/1.1" 200 -
127.0.0.1 - - [31/Oct/2019:12:24:42 +0530] "GET / HTTP/1.1" 404 1074
0:0:0:0:0:0:0:1 - - [31/Oct/2019:12:24:43 +0530] "GET /ConfigContextExample/Confg_Servlet HTTP/1.1" 500 3648
127.0.0.1 - - [31/Oct/2019:12:26:46 +0530] "GET / HTTP/1.1" 404 1074
0:0:0:0:0:0:0:1 - - [31/Oct/2019:12:26:47 +0530] "GET /ConfigContextExample/Confg_Servlet HTTP/1.1" 404 1114
0:0:0:0:0:0:0:1 - - [31/Oct/2019:12:27:19 +0530] "GET /ConfigContextExample/Confg_Servlet HTTP/1.1" 404 1114
0:0:0:0:0:0:0:1 - - [31/Oct/2019:12:27:28 +0530] "GET /ConfigContextExample/Confg_Servlet HTTP/1.1" 404 1114
0:0:0:0:0:0:0:1 - - [31/Oct/2019:12:27:36 +0530] "GET /ConfigContextExample/Confg_Servlet HTTP/1.1" 404 1114
127.0.0.1 - - [31/Oct/2019:12:27:48 +0530] "GET / HTTP/1.1" 404 1074
0:0:0:0:0:0:0:1 - - [31/Oct/2019:12:27:49 +0530] "GET /ConfigContextExample/Confg_Servlet HTTP/1.1" 404 1114
127.0.0.1 - - [31/Oct/2019:12:57:35 +0530] "GET / HTTP/1.1" 404 1074
0:0:0:0:0:0:0:1 - - [31/Oct/2019:12:57:36 +0530] "GET /ConfigContextExample/SessionHitCount_Servlet HTTP/1.1" 200 426
0:0:0:0:0:0:0:1 - - [31/Oct/2019:12:57:52 +0530] "GET /ConfigContextExample/SessionHitCount_Servlet HTTP/1.1" 200 426
0:0:0:0:0:0:0:1 - - [31/Oct/2019:12:57:53 +0530] "GET /ConfigContextExample/SessionHitCount_Servlet HTTP/1.1" 200 426
127.0.0.1 - - [31/Oct/2019:12:58:38 +0530] "GET / HTTP/1.1" 404 1074
0:0:0:0:0:0:0:1 - - [31/Oct/2019:12:58:38 +0530] "GET /ConfigContextExample/SessionHitCount_Servlet HTTP/1.1" 200 426
127.0.0.1 - - [31/Oct/2019:12:59:58 +0530] "GET / HTTP/1.1" 404 1074
0:0:0:0:0:0:0:1 - - [31/Oct/2019:12:59:58 +0530] "GET /ConfigContextExample/SessionHitCount_Servlet HTTP/1.1" 200 426
127.0.0.1 - - [31/Oct/2019:13:08:29 +0530] "GET / HTTP/1.1" 404 1074
0:0:0:0:0:0:0:1 - - [31/Oct/2019:13:08:30 +0530] "GET /ConfigContextExample/SessionHitCount_Servlet HTTP/1.1" 200 426
127.0.0.1 - - [31/Oct/2019:13:57:44 +0530] "GET / HTTP/1.1" 404 1074
0:0:0:0:0:0:0:1 - - [31/Oct/2019:13:57:44 +0530] "GET /ConfigContextExample/SessionHitCount1_Servlet HTTP/1.1" 200 458
127.0.0.1 - - [31/Oct/2019:13:58:22 +0530] "GET / HTTP/1.1" 404 1074
0:0:0:0:0:0:0:1 - - [31/Oct/2019:13:58:23 +0530] "GET /ConfigContextExample/SessionHitCount1_Servlet HTTP/1.1" 200 426
127.0.0.1 - - [31/Oct/2019:13:59:34 +0530] "GET / HTTP/1.1" 404 1074
0:0:0:0:0:0:0:1 - - [31/Oct/2019:13:59:35 +0530] "GET /ConfigContextExample/SessionHitCount_Servlet HTTP/1.1" 200 426
127.0.0.1 - - [31/Oct/2019:14:00:51 +0530] "GET / HTTP/1.1" 404 1074
127.0.0.1 - - [31/Oct/2019:14:01:07 +0530] "GET / HTTP/1.1" 404 1074
127.0.0.1 - - [31/Oct/2019:14:01:27 +0530] "GET / HTTP/1.1" 404 1074
0:0:0:0:0:0:0:1 - - [31/Oct/2019:14:02:47 +0530] "GET /ConfigContextExample/SessionHitCount_Servlet HTTP/1.1" 200 426
0:0:0:0:0:0:0:1 - - [31/Oct/2019:14:02:59 +0530] "GET /ConfigContextExample/SessionHitCount_Servlet HTTP/1.1" 200 426
127.0.0.1 - - [31/Oct/2019:14:13:07 +0530] "GET / HTTP/1.1" 404 1074
0:0:0:0:0:0:0:1 - - [31/Oct/2019:14:13:08 +0530] "GET /WEB_Login/Login.html HTTP/1.1" 200 347
127.0.0.1 - - [31/Oct/2019:15:38:50 +0530] "GET / HTTP/1.1" 404 1074
0:0:0:0:0:0:0:1 - - [31/Oct/2019:15:38:51 +0530] "GET /WEB_Login/WEB-INF/classes/com/Servlet/LoginDaoMain.java HTTP/1.1" 404 1047
127.0.0.1 - - [31/Oct/2019:15:56:50 +0530] "GET / HTTP/1.1" 404 1074
0:0:0:0:0:0:0:1 - - [31/Oct/2019:15:56:51 +0530] "GET /WEB_Login/Login_Servlet HTTP/1.1" 200 -
0:0:0:0:0:0:0:1 - - [31/Oct/2019:15:57:29 +0530] "GET /WEB_Login/Login_Servlet HTTP/1.1" 200 -
0:0:0:0:0:0:0:1 - - [31/Oct/2019:15:58:03 +0530] "GET /WEB_Login/Login.html HTTP/1.1" 304 -
0:0:0:0:0:0:0:1 - - [31/Oct/2019:15:58:13 +0530] "POST /WEB_Login/Login_Servlet HTTP/1.1" 200 143
0:0:0:0:0:0:0:1 - - [31/Oct/2019:15:59:26 +0530] "POST /WEB_Login/Login_Servlet HTTP/1.1" 200 143
0:0:0:0:0:0:0:1 - - [31/Oct/2019:15:59:49 +0530] "POST /WEB_Login/Login_Servlet HTTP/1.1" 200 143
0:0:0:0:0:0:0:1 - - [31/Oct/2019:16:01:11 +0530] "POST /WEB_Login/Login_Servlet HTTP/1.1" 200 143
0:0:0:0:0:0:0:1 - - [31/Oct/2019:16:05:12 +0530] "POST /WEB_Login/Login_Servlet HTTP/1.1" 200 143
127.0.0.1 - - [31/Oct/2019:16:07:29 +0530] "GET / HTTP/1.1" 404 1074
0:0:0:0:0:0:0:1 - - [31/Oct/2019:16:07:39 +0530] "POST /WEB_Login/Login_Servlet HTTP/1.1" 200 143
0:0:0:0:0:0:0:1 - - [31/Oct/2019:16:10:07 +0530] "GET /WEB_Login/Login.html HTTP/1.1" 200 347
0:0:0:0:0:0:0:1 - - [31/Oct/2019:16:10:15 +0530] "POST /WEB_Login/Login_Servlet HTTP/1.1" 200 141
0:0:0:0:0:0:0:1 - - [31/Oct/2019:16:15:01 +0530] "GET /WEB_Login/Login.html HTTP/1.1" 304 -
0:0:0:0:0:0:0:1 - - [31/Oct/2019:16:15:09 +0530] "POST /WEB_Login/Login_Servlet HTTP/1.1" 200 141
0:0:0:0:0:0:0:1 - - [31/Oct/2019:16:16:04 +0530] "POST /WEB_Login/Login_Servlet HTTP/1.1" 200 143
0:0:0:0:0:0:0:1 - - [31/Oct/2019:16:16:10 +0530] "POST /WEB_Login/Login_Servlet HTTP/1.1" 200 143
0:0:0:0:0:0:0:1 - - [31/Oct/2019:16:16:18 +0530] "POST /WEB_Login/Login_Servlet HTTP/1.1" 200 141
127.0.0.1 - - [31/Oct/2019:17:11:10 +0530] "GET / HTTP/1.1" 404 1074
0:0:0:0:0:0:0:1 - - [31/Oct/2019:17:11:11 +0530] "GET /WEB_Login/Cookie_Servlet HTTP/1.1" 200 266
0:0:0:0:0:0:0:1 - - [31/Oct/2019:17:11:13 +0530] "POST /WEB_Login/Cookie_Servlet HTTP/1.1" 200 266
0:0:0:0:0:0:0:1 - - [31/Oct/2019:17:11:14 +0530] "POST /WEB_Login/Cookie_Servlet HTTP/1.1" 200 266
0:0:0:0:0:0:0:1 - - [31/Oct/2019:17:11:15 +0530] "POST /WEB_Login/Cookie_Servlet HTTP/1.1" 200 266
0:0:0:0:0:0:0:1 - - [31/Oct/2019:17:11:16 +0530] "POST /WEB_Login/Cookie_Servlet HTTP/1.1" 200 266
0:0:0:0:0:0:0:1 - - [31/Oct/2019:17:11:18 +0530] "POST /WEB_Login/Cookie_Servlet HTTP/1.1" 200 266
0:0:0:0:0:0:0:1 - - [31/Oct/2019:17:11:22 +0530] "POST /WEB_Login/Cookie_Servlet HTTP/1.1" 200 266
127.0.0.1 - - [31/Oct/2019:17:20:00 +0530] "GET / HTTP/1.1" 404 1074
0:0:0:0:0:0:0:1 - - [31/Oct/2019:17:20:01 +0530] "GET /WEB_Login/Cookie_Servlet HTTP/1.1" 200 266
0:0:0:0:0:0:0:1 - - [31/Oct/2019:17:20:04 +0530] "POST /WEB_Login/Cookie_Servlet HTTP/1.1" 200 539
0:0:0:0:0:0:0:1 - - [31/Oct/2019:17:20:06 +0530] "POST /WEB_Login/Cookie_Servlet HTTP/1.1" 200 539
127.0.0.1 - - [31/Oct/2019:17:20:47 +0530] "GET / HTTP/1.1" 404 1074
0:0:0:0:0:0:0:1 - - [31/Oct/2019:17:20:48 +0530] "GET /WEB_Login/Cookie_Servlet HTTP/1.1" 200 266
0:0:0:0:0:0:0:1 - - [31/Oct/2019:17:20:50 +0530] "POST /WEB_Login/Cookie_Servlet HTTP/1.1" 200 272
127.0.0.1 - - [31/Oct/2019:18:13:23 +0530] "GET / HTTP/1.1" 404 1074
0:0:0:0:0:0:0:1 - - [31/Oct/2019:18:13:23 +0530] "GET /WEB_Login/WEB-INF/classes/com/filter/RequestLogging_Filter.java HTTP/1.1" 404 1047
127.0.0.1 - - [31/Oct/2019:18:15:55 +0530] "GET / HTTP/1.1" 404 1074
0:0:0:0:0:0:0:1 - - [31/Oct/2019:18:15:55 +0530] "GET /WEB_Login/Cookie_Servlet HTTP/1.1" 200 266
0:0:0:0:0:0:0:1 - - [31/Oct/2019:18:16:03 +0530] "GET /WEB_Login/WEB-INF/classes/com/filter/RequestLogging_Filter.java HTTP/1.1" 404 1047
0:0:0:0:0:0:0:1 - - [31/Oct/2019:18:16:28 +0530] "GET /WEB_Login/Cookie_Servlet HTTP/1.1" 200 266
